Cache sync 1 at Mon Jul 20 13:05:32 UTC 2026
Cache sync 2 at Mon Jul 20 13:05:32 UTC 2026
Cache sync 3 at Mon Jul 20 13:05:33 UTC 2026
Cache sync 4 at Mon Jul 20 13:05:33 UTC 2026
Cache sync 5 at Mon Jul 20 13:05:33 UTC 2026
Cache sync 6 at Mon Jul 20 13:05:33 UTC 2026
Cache sync 1 at Mon Jul 20 18:54:24 UTC 2026
Cache sync 2 at Mon Jul 20 18:54:24 UTC 2026
Cache sync 3 at Mon Jul 20 18:54:24 UTC 2026
Cache sync 4 at Mon Jul 20 18:54:24 UTC 2026
Cache sync 5 at Mon Jul 20 18:54:24 UTC 2026
Cache sync 6 at Mon Jul 20 18:54:24 UTC 2026
Cache sync 7 at Mon Jul 20 18:54:24 UTC 2026
Cache sync 8 at Mon Jul 20 18:54:24 UTC 2026
Cache sync 9 at Mon Jul 20 18:54:24 UTC 2026
Cache sync 10 at Mon Jul 20 18:54:24 UTC 2026
Cache sync 11 at Mon Jul 20 18:54:24 UTC 2026
Cache sync 12 at Mon Jul 20 18:54:24 UTC 2026
Cache sync 13 at Mon Jul 20 18:54:24 UTC 2026
Cache sync 14 at Mon Jul 20 18:54:24 UTC 2026
Cache sync 15 at Mon Jul 20 18:54:24 UTC 2026
Cache sync 16 at Mon Jul 20 18:54:24 UTC 2026
Cache sync 17 at Mon Jul 20 18:54:24 UTC 2026
Cache sync 18 at Mon Jul 20 18:54:24 UTC 2026
Cache sync 19 at Mon Jul 20 18:54:24 UTC 2026
Cache sync 20 at Mon Jul 20 18:54:24 UTC 2026
Cache sync 21 at Mon Jul 20 18:54:24 UTC 2026
Cache sync 22 at Mon Jul 20 18:54:24 UTC 2026
Cache sync 23 at Mon Jul 20 18:54:24 UTC 2026
Cache sync 1 at Tue Jul 21 18:17:02 UTC 2026
Cache sync 2 at Tue Jul 21 18:17:02 UTC 2026
Cache sync 3 at Tue Jul 21 18:17:02 UTC 2026
Cache sync 4 at Tue Jul 21 18:17:02 UTC 2026
Cache sync 5 at Tue Jul 21 18:17:02 UTC 2026
Cache sync 6 at Tue Jul 21 18:17:02 UTC 2026
Cache sync 7 at Tue Jul 21 18:17:03 UTC 2026
Cache sync 8 at Tue Jul 21 18:17:03 UTC 2026
Cache sync 1 at Wed Jul 22 18:09:44 UTC 2026
Cache sync 2 at Wed Jul 22 18:09:44 UTC 2026
Cache sync 3 at Wed Jul 22 18:09:44 UTC 2026
Cache sync 4 at Wed Jul 22 18:09:44 UTC 2026
Cache sync 5 at Wed Jul 22 18:09:44 UTC 2026
Cache sync 6 at Wed Jul 22 18:09:44 UTC 2026
Cache sync 7 at Wed Jul 22 18:09:44 UTC 2026
Cache sync 8 at Wed Jul 22 18:09:44 UTC 2026
Cache sync 9 at Wed Jul 22 18:09:44 UTC 2026
Cache sync 10 at Wed Jul 22 18:09:44 UTC 2026
Cache sync 11 at Wed Jul 22 18:09:44 UTC 2026
Cache sync 12 at Wed Jul 22 18:09:44 UTC 2026
Cache sync 13 at Wed Jul 22 18:09:44 UTC 2026
Cache sync 14 at Wed Jul 22 18:09:44 UTC 2026
Cache sync 15 at Wed Jul 22 18:09:44 UTC 2026
Cache sync 16 at Wed Jul 22 18:09:44 UTC 2026
Cache sync 17 at Wed Jul 22 18:09:44 UTC 2026
Cache sync 18 at Wed Jul 22 18:09:44 UTC 2026
Cache sync 19 at Wed Jul 22 18:09:44 UTC 2026
Cache sync 20 at Wed Jul 22 18:09:44 UTC 2026
Cache sync 1 at Thu Jul 23 18:15:23 UTC 2026
Cache sync 2 at Thu Jul 23 18:15:23 UTC 2026
Cache sync 3 at Thu Jul 23 18:15:23 UTC 2026
Cache sync 4 at Thu Jul 23 18:15:23 UTC 2026
Cache sync 5 at Thu Jul 23 18:15:23 UTC 2026
Cache sync 6 at Thu Jul 23 18:15:23 UTC 2026
Cache sync 7 at Thu Jul 23 18:15:24 UTC 2026
Cache sync 8 at Thu Jul 23 18:15:24 UTC 2026
Cache sync 9 at Thu Jul 23 18:15:24 UTC 2026
Cache sync 10 at Thu Jul 23 18:15:24 UTC 2026
Cache sync 11 at Thu Jul 23 18:15:24 UTC 2026
Cache sync 12 at Thu Jul 23 18:15:24 UTC 2026
Cache sync 13 at Thu Jul 23 18:15:24 UTC 2026
Cache sync 14 at Thu Jul 23 18:15:24 UTC 2026
Cache sync 15 at Thu Jul 23 18:15:24 UTC 2026
Cache sync 16 at Thu Jul 23 18:15:24 UTC 2026
Cache sync 17 at Thu Jul 23 18:15:24 UTC 2026
Cache sync 18 at Thu Jul 23 18:15:24 UTC 2026
Cache sync 19 at Thu Jul 23 18:15:24 UTC 2026
Cache sync 20 at Thu Jul 23 18:15:24 UTC 2026
Cache sync 21 at Thu Jul 23 18:15:24 UTC 2026
Cache sync 22 at Thu Jul 23 18:15:24 UTC 2026
Cache sync 23 at Thu Jul 23 18:15:24 UTC 2026
Cache sync 24 at Thu Jul 23 18:15:24 UTC 2026
Cache sync 25 at Thu Jul 23 18:15:24 UTC 2026
Cache sync 26 at Thu Jul 23 18:15:24 UTC 2026
Cache sync 27 at Thu Jul 23 18:15:24 UTC 2026
Cache sync 28 at Thu Jul 23 18:15:24 UTC 2026
Cache sync 29 at Thu Jul 23 18:15:24 UTC 2026
Cache sync 30 at Thu Jul 23 18:15:24 UTC 2026
Cache sync 31 at Thu Jul 23 18:15:24 UTC 2026
Cache sync 32 at Thu Jul 23 18:15:24 UTC 2026
Cache sync 33 at Thu Jul 23 18:15:24 UTC 2026
Cache sync 34 at Thu Jul 23 18:15:24 UTC 2026
Cache sync 35 at Thu Jul 23 18:15:24 UTC 2026
Cache sync 1 at Fri Jul 24 18:20:38 UTC 2026
Cache sync 2 at Fri Jul 24 18:20:38 UTC 2026
Cache sync 3 at Fri Jul 24 18:20:38 UTC 2026
Cache sync 4 at Fri Jul 24 18:20:38 UTC 2026
Cache sync 5 at Fri Jul 24 18:20:38 UTC 2026
Cache sync 6 at Fri Jul 24 18:20:38 UTC 2026
Cache sync 7 at Fri Jul 24 18:20:38 UTC 2026
Cache sync 8 at Fri Jul 24 18:20:38 UTC 2026
Cache sync 9 at Fri Jul 24 18:20:38 UTC 2026
Cache sync 10 at Fri Jul 24 18:20:38 UTC 2026
Cache sync 11 at Fri Jul 24 18:20:38 UTC 2026
Cache sync 12 at Fri Jul 24 18:20:38 UTC 2026
Cache sync 13 at Fri Jul 24 18:20:38 UTC 2026
Cache sync 14 at Fri Jul 24 18:20:38 UTC 2026
Cache sync 15 at Fri Jul 24 18:20:38 UTC 2026
Cache sync 16 at Fri Jul 24 18:20:38 UTC 2026
Cache sync 17 at Fri Jul 24 18:20:38 UTC 2026
Cache sync 18 at Fri Jul 24 18:20:39 UTC 2026
Cache sync 19 at Fri Jul 24 18:20:39 UTC 2026
Cache sync 20 at Fri Jul 24 18:20:39 UTC 2026
Cache sync 21 at Fri Jul 24 18:20:39 UTC 2026
Cache sync 22 at Fri Jul 24 18:20:39 UTC 2026
Cache sync 23 at Fri Jul 24 18:20:39 UTC 2026
Cache sync 24 at Fri Jul 24 18:20:39 UTC 2026
Cache sync 25 at Fri Jul 24 18:20:39 UTC 2026
Cache sync 26 at Fri Jul 24 18:20:39 UTC 2026
Cache sync 27 at Fri Jul 24 18:20:39 UTC 2026
Cache sync 28 at Fri Jul 24 18:20:39 UTC 2026
Cache sync 29 at Fri Jul 24 18:20:39 UTC 2026
Cache sync 30 at Fri Jul 24 18:20:39 UTC 2026
Cache sync 31 at Fri Jul 24 18:20:39 UTC 2026
Cache sync 32 at Fri Jul 24 18:20:39 UTC 2026
Cache sync 33 at Fri Jul 24 18:20:39 UTC 2026
Cache sync 34 at Fri Jul 24 18:20:39 UTC 2026
Cache sync 35 at Fri Jul 24 18:20:39 UTC 2026
Cache sync 36 at Fri Jul 24 18:20:39 UTC 2026
Cache sync 37 at Fri Jul 24 18:20:39 UTC 2026
Cache sync 38 at Fri Jul 24 18:20:39 UTC 2026
Cache sync 39 at Fri Jul 24 18:20:39 UTC 2026
Cache sync 40 at Fri Jul 24 18:20:39 UTC 2026
Cache sync 41 at Fri Jul 24 18:20:39 UTC 2026
Cache sync 42 at Fri Jul 24 18:20:39 UTC 2026
Cache sync 43 at Fri Jul 24 18:20:39 UTC 2026
Cache sync 44 at Fri Jul 24 18:20:39 UTC 2026
Cache sync 45 at Fri Jul 24 18:20:39 UTC 2026
Cache sync 46 at Fri Jul 24 18:20:39 UTC 2026
Cache sync 47 at Fri Jul 24 18:20:39 UTC 2026
Cache sync 48 at Fri Jul 24 18:20:39 UTC 2026
Cache sync 49 at Fri Jul 24 18:20:39 UTC 2026
Cache sync 50 at Fri Jul 24 18:20:39 UTC 2026
Cache sync 51 at Fri Jul 24 18:20:39 UTC 2026
Cache sync 52 at Fri Jul 24 18:20:39 UTC 2026
Cache sync 53 at Fri Jul 24 18:20:39 UTC 2026
Cache sync 54 at Fri Jul 24 18:20:39 UTC 2026
Cache sync 55 at Fri Jul 24 18:20:39 UTC 2026
Cache sync 56 at Fri Jul 24 18:20:39 UTC 2026
Cache sync 57 at Fri Jul 24 18:20:39 UTC 2026
Cache sync 58 at Fri Jul 24 18:20:39 UTC 2026
Cache sync 59 at Fri Jul 24 18:20:39 UTC 2026
Cache sync 60 at Fri Jul 24 18:20:39 UTC 2026
Cache sync 61 at Fri Jul 24 18:20:39 UTC 2026
Cache sync 62 at Fri Jul 24 18:20:39 UTC 2026
Cache sync 1 at Sat Jul 25 17:59:21 UTC 2026
Cache sync 2 at Sat Jul 25 17:59:22 UTC 2026
Cache sync 3 at Sat Jul 25 17:59:22 UTC 2026
Cache sync 4 at Sat Jul 25 17:59:22 UTC 2026
Cache sync 5 at Sat Jul 25 17:59:22 UTC 2026
Cache sync 6 at Sat Jul 25 17:59:22 UTC 2026
Cache sync 7 at Sat Jul 25 17:59:22 UTC 2026
Cache sync 8 at Sat Jul 25 17:59:22 UTC 2026
Cache sync 9 at Sat Jul 25 17:59:22 UTC 2026
Cache sync 1 at Sun Jul 26 18:02:38 UTC 2026
Cache sync 2 at Sun Jul 26 18:02:38 UTC 2026
Cache sync 3 at Sun Jul 26 18:02:38 UTC 2026
Cache sync 4 at Sun Jul 26 18:02:38 UTC 2026
Cache sync 5 at Sun Jul 26 18:02:38 UTC 2026
Cache sync 6 at Sun Jul 26 18:02:38 UTC 2026
Cache sync 7 at Sun Jul 26 18:02:38 UTC 2026
Cache sync 8 at Sun Jul 26 18:02:38 UTC 2026
Cache sync 9 at Sun Jul 26 18:02:38 UTC 2026
Cache sync 10 at Sun Jul 26 18:02:38 UTC 2026
Cache sync 11 at Sun Jul 26 18:02:38 UTC 2026
Cache sync 12 at Sun Jul 26 18:02:38 UTC 2026
Cache sync 13 at Sun Jul 26 18:02:38 UTC 2026
Cache sync 14 at Sun Jul 26 18:02:38 UTC 2026
Cache sync 15 at Sun Jul 26 18:02:38 UTC 2026
Cache sync 16 at Sun Jul 26 18:02:38 UTC 2026
Cache sync 1 at Mon Jul 27 18:25:25 UTC 2026
Cache sync 2 at Mon Jul 27 18:25:25 UTC 2026
Cache sync 3 at Mon Jul 27 18:25:25 UTC 2026
Cache sync 4 at Mon Jul 27 18:25:25 UTC 2026
Cache sync 5 at Mon Jul 27 18:25:25 UTC 2026
Cache sync 6 at Mon Jul 27 18:25:25 UTC 2026
Cache sync 7 at Mon Jul 27 18:25:25 UTC 2026
Cache sync 8 at Mon Jul 27 18:25:25 UTC 2026
Cache sync 9 at Mon Jul 27 18:25:25 UTC 2026
Cache sync 10 at Mon Jul 27 18:25:25 UTC 2026
Cache sync 11 at Mon Jul 27 18:25:25 UTC 2026
Cache sync 12 at Mon Jul 27 18:25:25 UTC 2026
Cache sync 13 at Mon Jul 27 18:25:25 UTC 2026
Cache sync 14 at Mon Jul 27 18:25:25 UTC 2026
Cache sync 15 at Mon Jul 27 18:25:25 UTC 2026
Cache sync 16 at Mon Jul 27 18:25:25 UTC 2026
Cache sync 17 at Mon Jul 27 18:25:25 UTC 2026
Cache sync 18 at Mon Jul 27 18:25:25 UTC 2026
Cache sync 19 at Mon Jul 27 18:25:25 UTC 2026
Cache sync 20 at Mon Jul 27 18:25:25 UTC 2026
Cache sync 21 at Mon Jul 27 18:25:25 UTC 2026
Cache sync 22 at Mon Jul 27 18:25:25 UTC 2026
Cache sync 23 at Mon Jul 27 18:25:25 UTC 2026
Cache sync 24 at Mon Jul 27 18:25:25 UTC 2026
